
> gazstart@0.1.0 build C:\Users\ianqu\Gazstart
> next build

   Ôû▓ Next.js 15.5.15

