
> gazstart@0.1.0 build C:\Users\ianqu\Gazstart
> next build "--verbose"

node.exe : error: unknown option '--verbose'
At C:\nvm4w\nodejs\pnpm.ps1:16 char:5
+     & "$basedir/node$exe"  "$basedir/node_modules/pnpm/bin/pnpm.cjs"  ...
+     ~~~~~~~~~~~~~~~~~~~~~~~~~~~~~~~~~~~~~~~~~~~~~~~~~~~~~~~~~~~~~~~~~
    + CategoryInfo          : NotSpecified: (error: unknown option '--verbose' 
   :String) [], RemoteException
    + FullyQualifiedErrorId : NativeCommandError
 
ÔÇëELIFECYCLEÔÇë Command failed with exit code 1.
